OVERLAY_FUNCTION_
    ENTRY_POINT
    EXPRESSION
    EXPRESSION
    IF_LOOP
    OVERLAY
OVERLAY_FUNCTION_
    ENTRY_POINT
    EXPRESSION
    EXPRESSION
    IF_LOOP
    OVERLAY
OVERLAY_FUNCTION_
    ENTRY_POINT
    BEGIN_LOOP
    IF_LOOP
    OVERLAY
    END_LOOP
OVERLAY_FUNCTION_
    ENTRY_POINT
    BEGIN_LOOP
    IF_LOOP
    OVERLAY
    END_LOOP
f
    ENTRY_POINT
    IF
    OVERLAY
    OVERLAY
    END_IF
