OVERLAY_FUNCTION_
    ENTRY_POINT
    EXPRESSION
    EXPRESSION
    EXPRESSION
    EXPRESSION
    IF_LOOP
    OVERLAY
fib
    ENTRY_POINT
    NEW VARIABLE
    NEW VARIABLE
    NEW VARIABLE
    NEW VARIABLE
    BEGIN_LOOP
    IF_LOOP
    OVERLAY
    END_LOOP
    RETURN
