OVERLAY_FUNCTION_
    ENTRY_POINT
    EXPRESSION
OVERLAY_FUNCTION_
    ENTRY_POINT
    EXPRESSION
fib
    ENTRY_POINT
    NEW VARIABLE
    IF
    OVERLAY
    OVERLAY
    END_IF
    RETURN
