OVERLAY_FUNCTION_
    ENTRY_POINT
    EXPRESSION
    EXPRESSION
    IF_LOOP
    OVERLAY
f
    ENTRY_POINT
    NEW VARIABLE
    BEGIN_LOOP
    IF_LOOP
    OVERLAY
    END_LOOP
