OVERLAY_FUNCTION_
    ENTRY_POINT
    EXPRESSION
OVERLAY_FUNCTION_
    ENTRY_POINT
    EXPRESSION
f
    ENTRY_POINT
    IF
    OVERLAY
    OVERLAY
    END_IF
