OVERLAY_FUNCTION_
    ENTRY_POINT
    EXPRESSION
    BREAK
OVERLAY_FUNCTION_
    ENTRY_POINT
    EXPRESSION
    IF
    OVERLAY
    END_IF
    EXPRESSION
    IF_LOOP
    OVERLAY
SimpleWhileWithBreak
    ENTRY_POINT
    NEW VARIABLE
    BEGIN_LOOP
    IF_LOOP
    OVERLAY
    END_LOOP
